   | INDEX = 1
   | Joe
   | 31/10/2023 23:59:59
   | Kenapa 1 ditambah 1 itu 2?

   | INDEX = 2
   | Joe
   | 31/10/2023 23:59:59
   | ya mana kutahu ehe~

